// Jest Snapshot v1, https://goo.gl/fbAQLP

exports[`Customize (two) CFormInput component renders correctly 1`] = `"<input type=\\"color\\" class=\\"form-control form-control-color form-control-lg is-invalid is-valid\\">"`;

exports[`Customize CFormInput component renders correctly 1`] = `"<input type=\\"color\\" class=\\"form-control-plaintext form-control-color form-control-lg is-invalid is-valid\\">"`;

exports[`Loads and display CFormInput component renders correctly 1`] = `"<input type=\\"text\\" class=\\"form-control\\">"`;
