// Jest Snapshot v1, https://goo.gl/fbAQLP

exports[`Customize CFormRange component renders correctly 1`] = `"<input class=\\"form-range\\" type=\\"range\\" disabled=\\"\\" max=\\"400\\" min=\\"50\\" readonly=\\"\\" steps=\\"10\\">"`;

exports[`Loads and display CFormRange component renders correctly 1`] = `"<input class=\\"form-range\\" type=\\"range\\">"`;
