// Jest Snapshot v1, https://goo.gl/fbAQLP

exports[`Customize CPaginationItem component renders correctly 1`] = `
"<li class=\\"page-item active disabled\\" active=\\"true\\" aria-current=\\"page\\">
  <div class=\\"page-link\\">Default slot</div>
</li>"
`;

exports[`Loads and display CPaginationItem component renders correctly 1`] = `"<li class=\\"page-item\\"><a class=\\"page-link\\">Default slot</a></li>"`;
