// Jest Snapshot v1, https://goo.gl/fbAQLP

exports[`Customize CTabPane component renders correctly 1`] = `"<div class=\\"tab-pane fade show active\\">Default slot</div>"`;

exports[`Loads and display CTabPane component renders correctly 1`] = `"<div class=\\"tab-pane fade\\">Default slot</div>"`;
