// Jest Snapshot v1, https://goo.gl/fbAQLP

exports[`Loads and display CAccordionHeader component renders correctly 1`] = `"<div class=\\"accordion-header\\">Default slot</div>"`;
