// Jest Snapshot v1, https://goo.gl/fbAQLP

exports[`Loads and display CAccordionButton component renders correctly 1`] = `"<button class=\\"accordion-button collapsed\\">Default slot</button>"`;
